/data/jxc/envs/rpas-aime-gdesigner/lib/python3.11/site-packages/class_registry/entry_points.py:7: UserWarning: pkg_resources is deprecated as an API. See https://setuptools.pypa.io/en/latest/pkg_resources.html. The pkg_resources package is slated for removal as early as 2025-11-30. Refrain from using this package or pin to Setuptools<81.
  from pkg_resources import iter_entry_points
#################system_prompt:You solve the task independently and verify each arithmetic step.
#################user_prompt:Task: Compute 3 + 4. Give the final integer in \boxed{}.
Your role: Independent Solver. Work carefully and provide a reasoned response.
#################response:To compute the sum of 3 and 4, we follow these steps:

1.  **Identify the numbers**: The integers to be added are 3 and 4.
2.  **Perform the addition**:
    $$3 + 4 = 7$$
    We can verify this by counting up 4 steps starting from 3:
    -   Start at 3
    -   3 + 1 = 4
    -   4 + 1 = 5
    -   5 + 1 = 6
    -   6 + 1 = 7
3.  **Final Result**: The sum is 7.

\boxed{7}
#################system_prompt:You decompose the mathematical task into explicit equations and constraints.
#################user_prompt:Task: Compute 3 times 4. Give the final integer in \boxed{}.
Your role: Algebraic Decomposer. Work carefully and provide a reasoned response.
#################response:### Algebraic Decomposition of the Task

**1. Define the Variables and Operation**
Let the two integers involved in the multiplication be $a$ and $b$.
From the task description:
- $a = 3$
- $b = 4$

The operation required is multiplication, denoted by the symbol $\times$ or $\cdot$. We need to compute the product $P$:
$$P = a \times b$$

**2. Apply the Definition of Multiplication**
Multiplication of integers can be defined as repeated addition. Specifically, $a \times b$ is equivalent to adding $b$ to itself $a$ times.
$$P = \underbrace{b + b + \dots + b}_{a \text{ times}}$$

Substituting the values $a=3$ and $b=4$:
$$P = \underbrace{4 + 4 + 4}_{3 \text{ times}}$$

**3. Perform the Calculation**
Step-by-step addition:
- First term: $4$
- Second term: $4 + 4 = 8$
- Third term: $8 + 4 = 12$

Alternatively, using the standard multiplication table for small integers:
$$3 \times 4 = 12$$

**4. Verify Constraints**
- The result must be an integer. $12$ is an integer.
- The result must be placed in a box as requested.

**5. Final Conclusion**
The computation yields the integer 12.

\boxed{12}
#################system_prompt:You decompose the mathematical task into explicit equations and constraints.
#################user_prompt:Task: Compute 3 + 4. Give the final integer in \boxed{}.
Your role: Algebraic Decomposer. Work carefully and provide a reasoned response.At the same time, there are the following responses to the same question for your reference:

Agent NyBA as a Independent Solver his answer to this question is:

To compute the sum of 3 and 4, we follow these steps:

1.  **Identify the numbers**: The integers to be added are 3 and 4.
2.  **Perform the addition**:
    $$3 + 4 = 7$$
    We can verify this by counting up 4 steps starting from 3:
    -   Start at 3
    -   3 + 1 = 4
    -   4 + 1 = 5
    -   5 + 1 = 6
    -   6 + 1 = 7
3.  **Final Result**: The sum is 7.

\boxed{7}

 


#################response:To compute the sum of 3 and 4, we can decompose the operation into explicit arithmetic steps based on the definition of addition for integers.

### Step 1: Define the Operation
Let $a$ and $b$ be two integers where $a = 3$ and $b = 4$.
The task is to compute the sum $S$:
$$S = a + b$$

### Step 2: Substitute Values
Substitute the specific values into the equation:
$$S = 3 + 4$$

### Step 3: Execute the Addition
We can perform this addition by incrementing the first number by the value of the second number:
- Start with $3$.
- Add $1$ four times:
  - $3 + 1 = 4$
  - $4 + 1 = 5$
  - $5 + 1 = 6$
  - $6 + 1 = 7$

Alternatively, using the commutative property of addition ($3 + 4 = 4 + 3$):
- Start with $4$.
- Add $1$ three times:
  - $4 + 1 = 5$
  - $5 + 1 = 6$
  - $6 + 1 = 7$

Both methods yield the same result.

### Step 4: Final Conclusion
The calculated sum is 7.

\boxed{7}
#################system_prompt:You solve the task independently and verify each arithmetic step.
#################user_prompt:Task: Compute 3 times 4. Give the final integer in \boxed{}.
Your role: Independent Solver. Work carefully and provide a reasoned response.At the same time, there are the following responses to the same question for your reference:

Agent fU4u as a Algebraic Decomposer his answer to this question is:

### Algebraic Decomposition of the Task

**1. Define the Variables and Operation**
Let the two integers involved in the multiplication be $a$ and $b$.
From the task description:
- $a = 3$
- $b = 4$

The operation required is multiplication, denoted by the symbol $\times$ or $\cdot$. We need to compute the product $P$:
$$P = a \times b$$

**2. Apply the Definition of Multiplication**
Multiplication of integers can be defined as repeated addition. Specifically, $a \times b$ is equivalent to adding $b$ to itself $a$ times.
$$P = \underbrace{b + b + \dots + b}_{a \text{ times}}$$

Substituting the values $a=3$ and $b=4$:
$$P = \underbrace{4 + 4 + 4}_{3 \text{ times}}$$

**3. Perform the Calculation**
Step-by-step addition:
- First term: $4$
- Second term: $4 + 4 = 8$
- Third term: $8 + 4 = 12$

Alternatively, using the standard multiplication table for small integers:
$$3 \times 4 = 12$$

**4. Verify Constraints**
- The result must be an integer. $12$ is an integer.
- The result must be placed in a box as requested.

**5. Final Conclusion**
The computation yields the integer 12.

\boxed{12}

 


#################response:To compute $3 \times 4$, we can approach this through the fundamental definition of multiplication as repeated addition.

**Step 1: Understand the Operation**
The expression $3 \times 4$ means adding the number $4$ to itself $3$ times.
Mathematically, this is expressed as:
$$3 \times 4 = 4 + 4 + 4$$

**Step 2: Perform the Addition**
Let's calculate the sum step-by-step:
1.  Start with the first $4$: $4$
2.  Add the second $4$: $4 + 4 = 8$
3.  Add the third $4$: $8 + 4 = 12$

**Step 3: Verification**
We can also verify this using the standard multiplication table for integers:
-   $1 \times 4 = 4$
-   $2 \times 4 = 8$
-   $3 \times 4 = 12$

Both methods yield the same result. The result is an integer, satisfying the requirement.

**Final Conclusion**
The product of 3 and 4 is 12.

\boxed{12}
#################system_prompt:You synthesize the available work into one reliable answer.
#################user_prompt:Task: Compute 3 + 4. Give the final integer in \boxed{}.
Your role: Solution Synthesizer. Work carefully and provide a reasoned response.At the same time, there are the following responses to the same question for your reference:

Agent fU4u as a Algebraic Decomposer his answer to this question is:

To compute the sum of 3 and 4, we can decompose the operation into explicit arithmetic steps based on the definition of addition for integers.

### Step 1: Define the Operation
Let $a$ and $b$ be two integers where $a = 3$ and $b = 4$.
The task is to compute the sum $S$:
$$S = a + b$$

### Step 2: Substitute Values
Substitute the specific values into the equation:
$$S = 3 + 4$$

### Step 3: Execute the Addition
We can perform this addition by incrementing the first number by the value of the second number:
- Start with $3$.
- Add $1$ four times:
  - $3 + 1 = 4$
  - $4 + 1 = 5$
  - $5 + 1 = 6$
  - $6 + 1 = 7$

Alternatively, using the commutative property of addition ($3 + 4 = 4 + 3$):
- Start with $4$.
- Add $1$ three times:
  - $4 + 1 = 5$
  - $5 + 1 = 6$
  - $6 + 1 = 7$

Both methods yield the same result.

### Step 4: Final Conclusion
The calculated sum is 7.

\boxed{7}

 


#################response:To compute the sum of 3 and 4, we follow the fundamental definition of addition for integers.

1.  **Identify the operands**: The two numbers to be added are $3$ and $4$.
2.  **Perform the addition**:
    *   Starting at $3$, we count forward by $4$ units:
        *   $3 + 1 = 4$
        *   $4 + 1 = 5$
        *   $5 + 1 = 6$
        *   $6 + 1 = 7$
    *   Alternatively, using the commutative property ($3 + 4 = 4 + 3$), starting at $4$ and counting forward by $3$ units also yields $7$.
3.  **Verification**: The sum of these two positive integers is unambiguously $7$.

The final integer result is:

\boxed{7}
#################system_prompt:You synthesize the available work into one reliable answer.
#################user_prompt:Task: Compute 3 times 4. Give the final integer in \boxed{}.
Your role: Solution Synthesizer. Work carefully and provide a reasoned response.At the same time, there are the following responses to the same question for your reference:

Agent fU4u as a Algebraic Decomposer his answer to this question is:

### Algebraic Decomposition of the Task

**1. Define the Variables and Operation**
Let the two integers involved in the multiplication be $a$ and $b$.
From the task description:
- $a = 3$
- $b = 4$

The operation required is multiplication, denoted by the symbol $\times$ or $\cdot$. We need to compute the product $P$:
$$P = a \times b$$

**2. Apply the Definition of Multiplication**
Multiplication of integers can be defined as repeated addition. Specifically, $a \times b$ is equivalent to adding $b$ to itself $a$ times.
$$P = \underbrace{b + b + \dots + b}_{a \text{ times}}$$

Substituting the values $a=3$ and $b=4$:
$$P = \underbrace{4 + 4 + 4}_{3 \text{ times}}$$

**3. Perform the Calculation**
Step-by-step addition:
- First term: $4$
- Second term: $4 + 4 = 8$
- Third term: $8 + 4 = 12$

Alternatively, using the standard multiplication table for small integers:
$$3 \times 4 = 12$$

**4. Verify Constraints**
- The result must be an integer. $12$ is an integer.
- The result must be placed in a box as requested.

**5. Final Conclusion**
The computation yields the integer 12.

\boxed{12}

 


#################response:To compute $3 \times 4$, we can apply the fundamental definition of multiplication as repeated addition.

1.  **Identify the operands**: The numbers to be multiplied are $3$ and $4$.
2.  **Apply the definition**: Multiplying $3$ by $4$ means adding the number $4$ to itself $3$ times.
    $$3 \times 4 = 4 + 4 + 4$$
3.  **Perform the addition**:
    *   First, add the first two terms: $4 + 4 = 8$.
    *   Next, add the result to the third term: $8 + 4 = 12$.
4.  **Verification**: Using standard arithmetic tables, the product of 3 and 4 is indeed 12. The result is an integer, satisfying the problem constraints.

\boxed{12}
#################system_prompt:You check proposed calculations for consistency and identify errors.
#################user_prompt:Task: Compute 3 + 4. Give the final integer in \boxed{}.
Your role: Consistency Checker. Work carefully and provide a reasoned response.At the same time, there are the following responses to the same question for your reference:

Agent fU4u as a Algebraic Decomposer his answer to this question is:

To compute the sum of 3 and 4, we can decompose the operation into explicit arithmetic steps based on the definition of addition for integers.

### Step 1: Define the Operation
Let $a$ and $b$ be two integers where $a = 3$ and $b = 4$.
The task is to compute the sum $S$:
$$S = a + b$$

### Step 2: Substitute Values
Substitute the specific values into the equation:
$$S = 3 + 4$$

### Step 3: Execute the Addition
We can perform this addition by incrementing the first number by the value of the second number:
- Start with $3$.
- Add $1$ four times:
  - $3 + 1 = 4$
  - $4 + 1 = 5$
  - $5 + 1 = 6$
  - $6 + 1 = 7$

Alternatively, using the commutative property of addition ($3 + 4 = 4 + 3$):
- Start with $4$.
- Add $1$ three times:
  - $4 + 1 = 5$
  - $5 + 1 = 6$
  - $6 + 1 = 7$

Both methods yield the same result.

### Step 4: Final Conclusion
The calculated sum is 7.

\boxed{7}

Agent XAUn as a Solution Synthesizer his answer to this question is:

To compute the sum of 3 and 4, we follow the fundamental definition of addition for integers.

1.  **Identify the operands**: The two numbers to be added are $3$ and $4$.
2.  **Perform the addition**:
    *   Starting at $3$, we count forward by $4$ units:
        *   $3 + 1 = 4$
        *   $4 + 1 = 5$
        *   $5 + 1 = 6$
        *   $6 + 1 = 7$
    *   Alternatively, using the commutative property ($3 + 4 = 4 + 3$), starting at $4$ and counting forward by $3$ units also yields $7$.
3.  **Verification**: The sum of these two positive integers is unambiguously $7$.

The final integer result is:

\boxed{7}

 


#################response:The task is to compute the sum of 3 and 4 ($3 + 4$).

**Analysis of the Provided Responses:**

1.  **Agent fU4u**:
    *   **Method**: Decomposes the addition by incrementing 3 by 1 four times.
    *   **Calculation**: $3 \to 4 \to 5 \to 6 \to 7$.
    *   **Verification**: The arithmetic steps are correct. $3+1=4$, $4+1=5$, $5+1=6$, $6+1=7$.
    *   **Result**: 7.
    *   **Consistency**: The logic is sound, and the final answer is mathematically correct.

2.  **Agent XAUn**:
    *   **Method**: Counts forward from 3 by 4 units.
    *   **Calculation**: $3+1=4$, $4+1=5$, $5+1=6$, $6+1=7$.
    *   **Verification**: Confirms the result using the commutative property ($4+3=7$).
    *   **Result**: 7.
    *   **Consistency**: The logic is sound, and the final answer is mathematically correct.

**Consistency Check:**
Both agents arrive at the same integer result (7) using valid arithmetic procedures. The fundamental operation $3 + 4 = 7$ is a basic arithmetic fact, and both derivations correctly reflect this. There are no calculation errors or logical inconsistencies in either response.

**Conclusion:**
The calculation is consistent and correct.

\boxed{7}
################system prompt:You are the final mathematical decision maker.
 Use the task and other agents' outputs. End with exactly one line `FINAL ANSWER: <numeric answer>`. For MASBench, output the complete required vector in order.
################user prompt: The task is:

 Compute 3 + 4. Give the final integer in \boxed{}..
 At the same time, the output of other agents is as follows:

fU4u: To compute the sum of 3 and 4, we can decompose the operation into explicit arithmetic steps based on the definition of addition for integers.

### Step 1: Define the Operation
Let $a$ and $b$ be two integers where $a = 3$ and $b = 4$.
The task is to compute the sum $S$:
$$S = a + b$$

### Step 2: Substitute Values
Substitute the specific values into the equation:
$$S = 3 + 4$$

### Step 3: Execute the Addition
We can perform this addition by incrementing the first number by the value of the second number:
- Start with $3$.
- Add $1$ four times:
  - $3 + 1 = 4$
  - $4 + 1 = 5$
  - $5 + 1 = 6$
  - $6 + 1 = 7$

Alternatively, using the commutative property of addition ($3 + 4 = 4 + 3$):
- Start with $4$.
- Add $1$ three times:
  - $4 + 1 = 5$
  - $5 + 1 = 6$
  - $6 + 1 = 7$

Both methods yield the same result.

### Step 4: Final Conclusion
The calculated sum is 7.

\boxed{7}

NyBA: To compute the sum of 3 and 4, we follow these steps:

1.  **Identify the numbers**: The integers to be added are 3 and 4.
2.  **Perform the addition**:
    $$3 + 4 = 7$$
    We can verify this by counting up 4 steps starting from 3:
    -   Start at 3
    -   3 + 1 = 4
    -   4 + 1 = 5
    -   5 + 1 = 6
    -   6 + 1 = 7
3.  **Final Result**: The sum is 7.

\boxed{7}

FTMf: The task is to compute the sum of 3 and 4 ($3 + 4$).

**Analysis of the Provided Responses:**

1.  **Agent fU4u**:
    *   **Method**: Decomposes the addition by incrementing 3 by 1 four times.
    *   **Calculation**: $3 \to 4 \to 5 \to 6 \to 7$.
    *   **Verification**: The arithmetic steps are correct. $3+1=4$, $4+1=5$, $5+1=6$, $6+1=7$.
    *   **Result**: 7.
    *   **Consistency**: The logic is sound, and the final answer is mathematically correct.

2.  **Agent XAUn**:
    *   **Method**: Counts forward from 3 by 4 units.
    *   **Calculation**: $3+1=4$, $4+1=5$, $5+1=6$, $6+1=7$.
    *   **Verification**: Confirms the result using the commutative property ($4+3=7$).
    *   **Result**: 7.
    *   **Consistency**: The logic is sound, and the final answer is mathematically correct.

**Consistency Check:**
Both agents arrive at the same integer result (7) using valid arithmetic procedures. The fundamental operation $3 + 4 = 7$ is a basic arithmetic fact, and both derivations correctly reflect this. There are no calculation errors or logical inconsistencies in either response.

**Conclusion:**
The calculation is consistent and correct.

\boxed{7}

XAUn: To compute the sum of 3 and 4, we follow the fundamental definition of addition for integers.

1.  **Identify the operands**: The two numbers to be added are $3$ and $4$.
2.  **Perform the addition**:
    *   Starting at $3$, we count forward by $4$ units:
        *   $3 + 1 = 4$
        *   $4 + 1 = 5$
        *   $5 + 1 = 6$
        *   $6 + 1 = 7$
    *   Alternatively, using the commutative property ($3 + 4 = 4 + 3$), starting at $4$ and counting forward by $3$ units also yields $7$.
3.  **Verification**: The sum of these two positive integers is unambiguously $7$.

The final integer result is:

\boxed{7}


################response:The task is to compute the sum of 3 and 4.

1.  **Identify the numbers**: The integers are 3 and 4.
2.  **Perform the addition**:
    $$3 + 4 = 7$$
    We can verify this by counting up from 3 by 4 steps:
    -   $3 + 1 = 4$
    -   $4 + 1 = 5$
    -   $5 + 1 = 6$
    -   $6 + 1 = 7$
3.  **Final Result**: The sum is 7.

\boxed{7}

FINAL ANSWER: 7
#################system_prompt:You check proposed calculations for consistency and identify errors.
#################user_prompt:Task: Compute 3 times 4. Give the final integer in \boxed{}.
Your role: Consistency Checker. Work carefully and provide a reasoned response.At the same time, there are the following responses to the same question for your reference:

Agent fU4u as a Algebraic Decomposer his answer to this question is:

### Algebraic Decomposition of the Task

**1. Define the Variables and Operation**
Let the two integers involved in the multiplication be $a$ and $b$.
From the task description:
- $a = 3$
- $b = 4$

The operation required is multiplication, denoted by the symbol $\times$ or $\cdot$. We need to compute the product $P$:
$$P = a \times b$$

**2. Apply the Definition of Multiplication**
Multiplication of integers can be defined as repeated addition. Specifically, $a \times b$ is equivalent to adding $b$ to itself $a$ times.
$$P = \underbrace{b + b + \dots + b}_{a \text{ times}}$$

Substituting the values $a=3$ and $b=4$:
$$P = \underbrace{4 + 4 + 4}_{3 \text{ times}}$$

**3. Perform the Calculation**
Step-by-step addition:
- First term: $4$
- Second term: $4 + 4 = 8$
- Third term: $8 + 4 = 12$

Alternatively, using the standard multiplication table for small integers:
$$3 \times 4 = 12$$

**4. Verify Constraints**
- The result must be an integer. $12$ is an integer.
- The result must be placed in a box as requested.

**5. Final Conclusion**
The computation yields the integer 12.

\boxed{12}

Agent NyBA as a Independent Solver his answer to this question is:

To compute $3 \times 4$, we can approach this through the fundamental definition of multiplication as repeated addition.

**Step 1: Understand the Operation**
The expression $3 \times 4$ means adding the number $4$ to itself $3$ times.
Mathematically, this is expressed as:
$$3 \times 4 = 4 + 4 + 4$$

**Step 2: Perform the Addition**
Let's calculate the sum step-by-step:
1.  Start with the first $4$: $4$
2.  Add the second $4$: $4 + 4 = 8$
3.  Add the third $4$: $8 + 4 = 12$

**Step 3: Verification**
We can also verify this using the standard multiplication table for integers:
-   $1 \times 4 = 4$
-   $2 \times 4 = 8$
-   $3 \times 4 = 12$

Both methods yield the same result. The result is an integer, satisfying the requirement.

**Final Conclusion**
The product of 3 and 4 is 12.

\boxed{12}

 


#################response:The user wants me to act as a **Consistency Checker** for a specific task: "Compute 3 times 4."
I need to evaluate the provided responses from "Agent fU4u" and "Agent NyBA" to ensure they are consistent, correct, and follow the formatting requirements.

### Step 1: Analyze the Task
- **Task**: Compute $3 \times 4$.
- **Expected Output**: The final integer result, enclosed in `\boxed{}`.
- **Mathematical Truth**: $3 \times 4 = 12$.

### Step 2: Evaluate Agent fU4u
- **Methodology**: The agent defines variables ($a=3, b=4$), applies the definition of multiplication as repeated addition ($4+4+4$), performs the addition step-by-step ($4 \to 8 \to 12$), and verifies the result is an integer.
- **Calculation**: $4 + 4 + 4 = 12$. This is correct.
- **Formatting**: The final answer is presented as `\boxed{12}`. This matches the requirement.
- **Consistency**: The logic flows logically from definition to calculation to verification.

### Step 3: Evaluate Agent NyBA
- **Methodology**: The agent interprets $3 \times 4$ as adding 4 three times ($4+4+4$), performs the addition ($4 \to 8 \to 12$), and verifies using the multiplication table.
- **Calculation**: $4 + 4 + 4 = 12$. This is correct.
- **Formatting**: The final answer is presented as `\boxed{12}`. This matches the requirement.
- **Consistency**: The logic is sound and aligns with standard arithmetic principles.

### Step 4: Cross-Check and Conclusion
- Both agents arrived at the same numerical result: **12**.
- Both agents used valid mathematical reasoning (repeated addition).
- Both agents adhered to the specific formatting constraint of placing the final integer in a box.
- There are no calculation errors or logical inconsistencies in either response.

Since both responses are mathematically accurate and consistent with the task requirements, I will confirm their validity.

\boxed{12}
################system prompt:You are the final mathematical decision maker.
 Use the task and other agents' outputs. End with exactly one line `FINAL ANSWER: <numeric answer>`. For MASBench, output the complete required vector in order.
################user prompt: The task is:

 Compute 3 times 4. Give the final integer in \boxed{}..
 At the same time, the output of other agents is as follows:

fU4u: ### Algebraic Decomposition of the Task

**1. Define the Variables and Operation**
Let the two integers involved in the multiplication be $a$ and $b$.
From the task description:
- $a = 3$
- $b = 4$

The operation required is multiplication, denoted by the symbol $\times$ or $\cdot$. We need to compute the product $P$:
$$P = a \times b$$

**2. Apply the Definition of Multiplication**
Multiplication of integers can be defined as repeated addition. Specifically, $a \times b$ is equivalent to adding $b$ to itself $a$ times.
$$P = \underbrace{b + b + \dots + b}_{a \text{ times}}$$

Substituting the values $a=3$ and $b=4$:
$$P = \underbrace{4 + 4 + 4}_{3 \text{ times}}$$

**3. Perform the Calculation**
Step-by-step addition:
- First term: $4$
- Second term: $4 + 4 = 8$
- Third term: $8 + 4 = 12$

Alternatively, using the standard multiplication table for small integers:
$$3 \times 4 = 12$$

**4. Verify Constraints**
- The result must be an integer. $12$ is an integer.
- The result must be placed in a box as requested.

**5. Final Conclusion**
The computation yields the integer 12.

\boxed{12}

NyBA: To compute $3 \times 4$, we can approach this through the fundamental definition of multiplication as repeated addition.

**Step 1: Understand the Operation**
The expression $3 \times 4$ means adding the number $4$ to itself $3$ times.
Mathematically, this is expressed as:
$$3 \times 4 = 4 + 4 + 4$$

**Step 2: Perform the Addition**
Let's calculate the sum step-by-step:
1.  Start with the first $4$: $4$
2.  Add the second $4$: $4 + 4 = 8$
3.  Add the third $4$: $8 + 4 = 12$

**Step 3: Verification**
We can also verify this using the standard multiplication table for integers:
-   $1 \times 4 = 4$
-   $2 \times 4 = 8$
-   $3 \times 4 = 12$

Both methods yield the same result. The result is an integer, satisfying the requirement.

**Final Conclusion**
The product of 3 and 4 is 12.

\boxed{12}

FTMf: The user wants me to act as a **Consistency Checker** for a specific task: "Compute 3 times 4."
I need to evaluate the provided responses from "Agent fU4u" and "Agent NyBA" to ensure they are consistent, correct, and follow the formatting requirements.

### Step 1: Analyze the Task
- **Task**: Compute $3 \times 4$.
- **Expected Output**: The final integer result, enclosed in `\boxed{}`.
- **Mathematical Truth**: $3 \times 4 = 12$.

### Step 2: Evaluate Agent fU4u
- **Methodology**: The agent defines variables ($a=3, b=4$), applies the definition of multiplication as repeated addition ($4+4+4$), performs the addition step-by-step ($4 \to 8 \to 12$), and verifies the result is an integer.
- **Calculation**: $4 + 4 + 4 = 12$. This is correct.
- **Formatting**: The final answer is presented as `\boxed{12}`. This matches the requirement.
- **Consistency**: The logic flows logically from definition to calculation to verification.

### Step 3: Evaluate Agent NyBA
- **Methodology**: The agent interprets $3 \times 4$ as adding 4 three times ($4+4+4$), performs the addition ($4 \to 8 \to 12$), and verifies using the multiplication table.
- **Calculation**: $4 + 4 + 4 = 12$. This is correct.
- **Formatting**: The final answer is presented as `\boxed{12}`. This matches the requirement.
- **Consistency**: The logic is sound and aligns with standard arithmetic principles.

### Step 4: Cross-Check and Conclusion
- Both agents arrived at the same numerical result: **12**.
- Both agents used valid mathematical reasoning (repeated addition).
- Both agents adhered to the specific formatting constraint of placing the final integer in a box.
- There are no calculation errors or logical inconsistencies in either response.

Since both responses are mathematically accurate and consistent with the task requirements, I will confirm their validity.

\boxed{12}

XAUn: To compute $3 \times 4$, we can apply the fundamental definition of multiplication as repeated addition.

1.  **Identify the operands**: The numbers to be multiplied are $3$ and $4$.
2.  **Apply the definition**: Multiplying $3$ by $4$ means adding the number $4$ to itself $3$ times.
    $$3 \times 4 = 4 + 4 + 4$$
3.  **Perform the addition**:
    *   First, add the first two terms: $4 + 4 = 8$.
    *   Next, add the result to the third term: $8 + 4 = 12$.
4.  **Verification**: Using standard arithmetic tables, the product of 3 and 4 is indeed 12. The result is an integer, satisfying the problem constraints.

\boxed{12}


################response:The task is to compute $3 \times 4$.

1.  **Identify the operation**: The problem asks for the product of 3 and 4.
2.  **Perform the calculation**:
    *   Using repeated addition: $4 + 4 + 4 = 12$.
    *   Using standard multiplication facts: $3 \times 4 = 12$.
3.  **Verify constraints**: The result must be an integer, which 12 is. The final answer must be in `\boxed{}`.

All provided agents (fU4u, NyBA, FTMf, XAUn) correctly calculated the result as 12 and formatted it appropriately.

\boxed{12}

FINAL ANSWER: 12
#################system_prompt:You decompose the mathematical task into explicit equations and constraints.
#################user_prompt:Task: Compute 3 + 4. Give the final integer in \boxed{}.
Your role: Algebraic Decomposer. Work carefully and provide a reasoned response.
#################response:### Algebraic Decomposition of the Task

**1. Define the Operation**
The task requires computing the sum of two integers: $3$ and $4$.
Let $a = 3$ and $b = 4$.
The operation is addition, denoted by the symbol $+$.
The equation to solve is:
$$ S = a + b $$

**2. Substitute Values**
Substitute the given values into the equation:
$$ S = 3 + 4 $$

**3. Perform the Calculation**
We can determine the sum by counting forward from the first number ($3$) by the value of the second number ($4$):
- Start at $3$.
- Add $1$: $3 + 1 = 4$
- Add $2$: $4 + 1 = 5$
- Add $3$: $5 + 1 = 6$
- Add $4$: $6 + 1 = 7$

Alternatively, using place value decomposition:
- $3 = 3 \times 10^0$
- $4 = 4 \times 10^0$
- Sum $= (3 + 4) \times 10^0 = 7 \times 1 = 7$

**4. Verify Constraints**
- The result must be an integer. $7$ is an integer.
- The result must be placed in a box as requested.

**5. Final Conclusion**
The sum of $3$ and $4$ is $7$.

\boxed{7}
#################system_prompt:You decompose the mathematical task into explicit equations and constraints.
#################user_prompt:Task: Compute 3 times 4. Give the final integer in \boxed{}.
Your role: Algebraic Decomposer. Work carefully and provide a reasoned response.
#################response:To solve the task of computing $3$ times $4$, we will decompose the operation into its fundamental arithmetic components.

### 1. Identify the Operation
The task requires calculating the product of two integers:
- Multiplicand: $3$
- Multiplier: $4$
- Operation: Multiplication ($\times$)

The mathematical expression is:
$$ 3 \times 4 $$

### 2. Algebraic Decomposition
Multiplication can be defined as repeated addition. Specifically, $a \times b$ is equivalent to adding $a$ to itself $b$ times (or vice versa).

Let us decompose $3 \times 4$ as the sum of $4$ added $3$ times:
$$ 3 \times 4 = \underbrace{4 + 4 + 4}_{3 \text{ terms}} $$

Alternatively, decomposing as the sum of $3$ added $4$ times:
$$ 3 \times 4 = \underbrace{3 + 3 + 3 + 3}_{4 \text{ terms}} $$

### 3. Step-by-Step Calculation
Using the repeated addition model ($4 + 4 + 4$):
1.  First term: $4$
2.  Add the second term: $4 + 4 = 8$
3.  Add the third term: $8 + 4 = 12$

Using the alternative model ($3 + 3 + 3 + 3$):
1.  First term: $3$
2.  Add the second term: $3 + 3 = 6$
3.  Add the third term: $6 + 3 = 9$
4.  Add the fourth term: $9 + 3 = 12$

Both decompositions yield the same result.

### 4. Final Conclusion
The product of $3$ and $4$ is $12$.

\boxed{12}
#################system_prompt:You solve the task independently and verify each arithmetic step.
#################user_prompt:Task: Compute 3 + 4. Give the final integer in \boxed{}.
Your role: Independent Solver. Work carefully and provide a reasoned response.
#################response:To compute the sum of 3 and 4, we follow these steps:

1.  **Identify the numbers**: The integers to be added are $3$ and $4$.
2.  **Perform the addition**:
    $$3 + 4 = 7$$
    We can verify this by counting up from 3 by 4 steps:
    -   Start at 3.
    -   Add 1 to get 4.
    -   Add 1 to get 5.
    -   Add 1 to get 6.
    -   Add 1 to get 7.
3.  **Final Result**: The sum is 7.

\boxed{7}
#################system_prompt:You check proposed calculations for consistency and identify errors.
#################user_prompt:Task: Compute 3 + 4. Give the final integer in \boxed{}.
Your role: Consistency Checker. Work carefully and provide a reasoned response.
#################response:The task is to compute the sum of 3 and 4.

1.  **Identify the operation**: Addition ($+$).
2.  **Identify the operands**: The integers are $3$ and $4$.
3.  **Perform the calculation**:
    $$3 + 4 = 7$$
4.  **Verify consistency**: The sum of three and four is indeed seven. There are no errors in this basic arithmetic operation.

The final integer result is 7.

\boxed{7}
#################system_prompt:You synthesize the available work into one reliable answer.
#################user_prompt:Task: Compute 3 + 4. Give the final integer in \boxed{}.
Your role: Solution Synthesizer. Work carefully and provide a reasoned response.
#################response:To compute the sum of 3 and 4, we perform basic addition:

$$3 + 4 = 7$$

The result is the integer 7.

\boxed{7}
################system prompt:You are the final mathematical decision maker.
 Use the task and other agents' outputs. End with exactly one line `FINAL ANSWER: <numeric answer>`. For MASBench, output the complete required vector in order.
################user prompt: The task is:

 Compute 3 + 4. Give the final integer in \boxed{}..
 At the same time, the output of other agents is as follows:

fU4u: ### Algebraic Decomposition of the Task

**1. Define the Operation**
The task requires computing the sum of two integers: $3$ and $4$.
Let $a = 3$ and $b = 4$.
The operation is addition, denoted by the symbol $+$.
The equation to solve is:
$$ S = a + b $$

**2. Substitute Values**
Substitute the given values into the equation:
$$ S = 3 + 4 $$

**3. Perform the Calculation**
We can determine the sum by counting forward from the first number ($3$) by the value of the second number ($4$):
- Start at $3$.
- Add $1$: $3 + 1 = 4$
- Add $2$: $4 + 1 = 5$
- Add $3$: $5 + 1 = 6$
- Add $4$: $6 + 1 = 7$

Alternatively, using place value decomposition:
- $3 = 3 \times 10^0$
- $4 = 4 \times 10^0$
- Sum $= (3 + 4) \times 10^0 = 7 \times 1 = 7$

**4. Verify Constraints**
- The result must be an integer. $7$ is an integer.
- The result must be placed in a box as requested.

**5. Final Conclusion**
The sum of $3$ and $4$ is $7$.

\boxed{7}

NyBA: To compute the sum of 3 and 4, we follow these steps:

1.  **Identify the numbers**: The integers to be added are $3$ and $4$.
2.  **Perform the addition**:
    $$3 + 4 = 7$$
    We can verify this by counting up from 3 by 4 steps:
    -   Start at 3.
    -   Add 1 to get 4.
    -   Add 1 to get 5.
    -   Add 1 to get 6.
    -   Add 1 to get 7.
3.  **Final Result**: The sum is 7.

\boxed{7}

FTMf: The task is to compute the sum of 3 and 4.

1.  **Identify the operation**: Addition ($+$).
2.  **Identify the operands**: The integers are $3$ and $4$.
3.  **Perform the calculation**:
    $$3 + 4 = 7$$
4.  **Verify consistency**: The sum of three and four is indeed seven. There are no errors in this basic arithmetic operation.

The final integer result is 7.

\boxed{7}

XAUn: To compute the sum of 3 and 4, we perform basic addition:

$$3 + 4 = 7$$

The result is the integer 7.

\boxed{7}


################response:The task is to compute the sum of 3 and 4.

1.  Identify the numbers: $3$ and $4$.
2.  Perform the addition: $3 + 4 = 7$.
3.  The result is an integer.

All provided agents correctly identified the operation and calculated the sum as 7.

\boxed{7}

FINAL ANSWER: 7
#################system_prompt:You check proposed calculations for consistency and identify errors.
#################user_prompt:Task: Compute 3 times 4. Give the final integer in \boxed{}.
Your role: Consistency Checker. Work carefully and provide a reasoned response.At the same time, there are the following responses to the same question for your reference:

Agent fU4u as a Algebraic Decomposer his answer to this question is:

To solve the task of computing $3$ times $4$, we will decompose the operation into its fundamental arithmetic components.

### 1. Identify the Operation
The task requires calculating the product of two integers:
- Multiplicand: $3$
- Multiplier: $4$
- Operation: Multiplication ($\times$)

The mathematical expression is:
$$ 3 \times 4 $$

### 2. Algebraic Decomposition
Multiplication can be defined as repeated addition. Specifically, $a \times b$ is equivalent to adding $a$ to itself $b$ times (or vice versa).

Let us decompose $3 \times 4$ as the sum of $4$ added $3$ times:
$$ 3 \times 4 = \underbrace{4 + 4 + 4}_{3 \text{ terms}} $$

Alternatively, decomposing as the sum of $3$ added $4$ times:
$$ 3 \times 4 = \underbrace{3 + 3 + 3 + 3}_{4 \text{ terms}} $$

### 3. Step-by-Step Calculation
Using the repeated addition model ($4 + 4 + 4$):
1.  First term: $4$
2.  Add the second term: $4 + 4 = 8$
3.  Add the third term: $8 + 4 = 12$

Using the alternative model ($3 + 3 + 3 + 3$):
1.  First term: $3$
2.  Add the second term: $3 + 3 = 6$
3.  Add the third term: $6 + 3 = 9$
4.  Add the fourth term: $9 + 3 = 12$

Both decompositions yield the same result.

### 4. Final Conclusion
The product of $3$ and $4$ is $12$.

\boxed{12}

 


#################response:The user wants me to act as a Consistency Checker for a proposed calculation.

**Task Analysis:**
- **Question:** Compute $3$ times $4$.
- **Expected Output:** The final integer in `\boxed{}`.
- **Reference Response:** An answer provided by "Agent fU4u" which uses algebraic decomposition (repeated addition) to arrive at the result.

**Evaluation of the Reference Response:**
1.  **Logic Check:** The agent correctly identifies the operation as multiplication ($3 \times 4$).
2.  **Methodology:** It uses the definition of multiplication as repeated addition.
    - Model A: $4 + 4 + 4$. Calculation: $4+4=8$, $8+4=12$. Correct.
    - Model B: $3 + 3 + 3 + 3$. Calculation: $3+3=6$, $6+3=9$, $9+3=12$. Correct.
3.  **Consistency:** Both decomposition methods yield the same result ($12$), confirming the internal consistency of the reasoning.
4.  **Final Answer:** The agent concludes that $3 \times 4 = 12$ and places it in the requested format `\boxed{12}`.

**Conclusion:**
The calculation is mathematically correct. The reasoning is sound, clearly explained, and consistent. There are no errors in the arithmetic or the logical steps presented. The final answer matches the standard mathematical fact that $3 \times 4 = 12$.

**Final Output Generation:**
Since the task is to check for consistency and identify errors, and none are found, I will confirm the validity of the response.

The proposed calculation is **correct**.
- The operation $3 \times 4$ is correctly interpreted.
- The decomposition into repeated addition ($4+4+4$ or $3+3+3+3$) is mathematically valid.
- The arithmetic steps ($4+4=8$, $8+4=12$) are accurate.
- The final result, $12$, is the correct product.
- The formatting `\boxed{12}` adheres to the instructions.

No errors were identified.

\boxed{12}
#################system_prompt:You synthesize the available work into one reliable answer.
#################user_prompt:Task: Compute 3 times 4. Give the final integer in \boxed{}.
Your role: Solution Synthesizer. Work carefully and provide a reasoned response.At the same time, there are the following responses to the same question for your reference:

Agent fU4u as a Algebraic Decomposer his answer to this question is:

To solve the task of computing $3$ times $4$, we will decompose the operation into its fundamental arithmetic components.

### 1. Identify the Operation
The task requires calculating the product of two integers:
- Multiplicand: $3$
- Multiplier: $4$
- Operation: Multiplication ($\times$)

The mathematical expression is:
$$ 3 \times 4 $$

### 2. Algebraic Decomposition
Multiplication can be defined as repeated addition. Specifically, $a \times b$ is equivalent to adding $a$ to itself $b$ times (or vice versa).

Let us decompose $3 \times 4$ as the sum of $4$ added $3$ times:
$$ 3 \times 4 = \underbrace{4 + 4 + 4}_{3 \text{ terms}} $$

Alternatively, decomposing as the sum of $3$ added $4$ times:
$$ 3 \times 4 = \underbrace{3 + 3 + 3 + 3}_{4 \text{ terms}} $$

### 3. Step-by-Step Calculation
Using the repeated addition model ($4 + 4 + 4$):
1.  First term: $4$
2.  Add the second term: $4 + 4 = 8$
3.  Add the third term: $8 + 4 = 12$

Using the alternative model ($3 + 3 + 3 + 3$):
1.  First term: $3$
2.  Add the second term: $3 + 3 = 6$
3.  Add the third term: $6 + 3 = 9$
4.  Add the fourth term: $9 + 3 = 12$

Both decompositions yield the same result.

### 4. Final Conclusion
The product of $3$ and $4$ is $12$.

\boxed{12}

 


#################response:To compute $3$ times $4$, we perform the multiplication operation:

$$ 3 \times 4 $$

Multiplication can be understood as repeated addition. We can add the number $3$ to itself $4$ times:
$$ 3 + 3 + 3 + 3 $$

Calculating the sum step-by-step:
1.  $3 + 3 = 6$
2.  $6 + 3 = 9$
3.  $9 + 3 = 12$

Alternatively, adding $4$ to itself $3$ times:
$$ 4 + 4 + 4 $$
1.  $4 + 4 = 8$
2.  $8 + 4 = 12$

Both methods yield the same result. The product of $3$ and $4$ is $12$.

\boxed{12}
#################system_prompt:You solve the task independently and verify each arithmetic step.
#################user_prompt:Task: Compute 3 times 4. Give the final integer in \boxed{}.
Your role: Independent Solver. Work carefully and provide a reasoned response.At the same time, there are the following responses to the same question for your reference:

Agent fU4u as a Algebraic Decomposer his answer to this question is:

To solve the task of computing $3$ times $4$, we will decompose the operation into its fundamental arithmetic components.

### 1. Identify the Operation
The task requires calculating the product of two integers:
- Multiplicand: $3$
- Multiplier: $4$
- Operation: Multiplication ($\times$)

The mathematical expression is:
$$ 3 \times 4 $$

### 2. Algebraic Decomposition
Multiplication can be defined as repeated addition. Specifically, $a \times b$ is equivalent to adding $a$ to itself $b$ times (or vice versa).

Let us decompose $3 \times 4$ as the sum of $4$ added $3$ times:
$$ 3 \times 4 = \underbrace{4 + 4 + 4}_{3 \text{ terms}} $$

Alternatively, decomposing as the sum of $3$ added $4$ times:
$$ 3 \times 4 = \underbrace{3 + 3 + 3 + 3}_{4 \text{ terms}} $$

### 3. Step-by-Step Calculation
Using the repeated addition model ($4 + 4 + 4$):
1.  First term: $4$
2.  Add the second term: $4 + 4 = 8$
3.  Add the third term: $8 + 4 = 12$

Using the alternative model ($3 + 3 + 3 + 3$):
1.  First term: $3$
2.  Add the second term: $3 + 3 = 6$
3.  Add the third term: $6 + 3 = 9$
4.  Add the fourth term: $9 + 3 = 12$

Both decompositions yield the same result.

### 4. Final Conclusion
The product of $3$ and $4$ is $12$.

\boxed{12}

Agent FTMf as a Consistency Checker his answer to this question is:

The user wants me to act as a Consistency Checker for a proposed calculation.

**Task Analysis:**
- **Question:** Compute $3$ times $4$.
- **Expected Output:** The final integer in `\boxed{}`.
- **Reference Response:** An answer provided by "Agent fU4u" which uses algebraic decomposition (repeated addition) to arrive at the result.

**Evaluation of the Reference Response:**
1.  **Logic Check:** The agent correctly identifies the operation as multiplication ($3 \times 4$).
2.  **Methodology:** It uses the definition of multiplication as repeated addition.
    - Model A: $4 + 4 + 4$. Calculation: $4+4=8$, $8+4=12$. Correct.
    - Model B: $3 + 3 + 3 + 3$. Calculation: $3+3=6$, $6+3=9$, $9+3=12$. Correct.
3.  **Consistency:** Both decomposition methods yield the same result ($12$), confirming the internal consistency of the reasoning.
4.  **Final Answer:** The agent concludes that $3 \times 4 = 12$ and places it in the requested format `\boxed{12}`.

**Conclusion:**
The calculation is mathematically correct. The reasoning is sound, clearly explained, and consistent. There are no errors in the arithmetic or the logical steps presented. The final answer matches the standard mathematical fact that $3 \times 4 = 12$.

**Final Output Generation:**
Since the task is to check for consistency and identify errors, and none are found, I will confirm the validity of the response.

The proposed calculation is **correct**.
- The operation $3 \times 4$ is correctly interpreted.
- The decomposition into repeated addition ($4+4+4$ or $3+3+3+3$) is mathematically valid.
- The arithmetic steps ($4+4=8$, $8+4=12$) are accurate.
- The final result, $12$, is the correct product.
- The formatting `\boxed{12}` adheres to the instructions.

No errors were identified.

\boxed{12}

 


#################response:To solve the task of computing $3$ times $4$, we will proceed with a step-by-step arithmetic verification.

### 1. Identify the Operation
The problem asks to compute the product of two integers:
- The first integer (multiplicand) is $3$.
- The second integer (multiplier) is $4$.
- The operation is multiplication, denoted as $3 \times 4$.

### 2. Mathematical Definition
Multiplication of positive integers can be defined as repeated addition. Specifically, $a \times b$ means adding $a$ to itself $b$ times.
Therefore, $3 \times 4$ can be expressed as:
$$ 3 + 3 + 3 + 3 $$
Alternatively, due to the commutative property of multiplication ($a \times b = b \times a$), it can also be viewed as adding $4$ to itself $3$ times:
$$ 4 + 4 + 4 $$

### 3. Step-by-Step Calculation
Let's verify the result using the repeated addition of $3$ (four terms):
1.  Start with the first term: $3$
2.  Add the second term: $3 + 3 = 6$
3.  Add the third term: $6 + 3 = 9$
4.  Add the fourth term: $9 + 3 = 12$

Let's verify using the repeated addition of $4$ (three terms):
1.  Start with the first term: $4$
2.  Add the second term: $4 + 4 = 8$
3.  Add the third term: $8 + 4 = 12$

Both methods yield the same result.

### 4. Conclusion
The calculation confirms that $3 \times 4 = 12$. The final integer is $12$.

\boxed{12}
################system prompt:You are the final mathematical decision maker.
 Use the task and other agents' outputs. End with exactly one line `FINAL ANSWER: <numeric answer>`. For MASBench, output the complete required vector in order.
################user prompt: The task is:

 Compute 3 times 4. Give the final integer in \boxed{}..
 At the same time, the output of other agents is as follows:

fU4u: To solve the task of computing $3$ times $4$, we will decompose the operation into its fundamental arithmetic components.

### 1. Identify the Operation
The task requires calculating the product of two integers:
- Multiplicand: $3$
- Multiplier: $4$
- Operation: Multiplication ($\times$)

The mathematical expression is:
$$ 3 \times 4 $$

### 2. Algebraic Decomposition
Multiplication can be defined as repeated addition. Specifically, $a \times b$ is equivalent to adding $a$ to itself $b$ times (or vice versa).

Let us decompose $3 \times 4$ as the sum of $4$ added $3$ times:
$$ 3 \times 4 = \underbrace{4 + 4 + 4}_{3 \text{ terms}} $$

Alternatively, decomposing as the sum of $3$ added $4$ times:
$$ 3 \times 4 = \underbrace{3 + 3 + 3 + 3}_{4 \text{ terms}} $$

### 3. Step-by-Step Calculation
Using the repeated addition model ($4 + 4 + 4$):
1.  First term: $4$
2.  Add the second term: $4 + 4 = 8$
3.  Add the third term: $8 + 4 = 12$

Using the alternative model ($3 + 3 + 3 + 3$):
1.  First term: $3$
2.  Add the second term: $3 + 3 = 6$
3.  Add the third term: $6 + 3 = 9$
4.  Add the fourth term: $9 + 3 = 12$

Both decompositions yield the same result.

### 4. Final Conclusion
The product of $3$ and $4$ is $12$.

\boxed{12}

NyBA: To solve the task of computing $3$ times $4$, we will proceed with a step-by-step arithmetic verification.

### 1. Identify the Operation
The problem asks to compute the product of two integers:
- The first integer (multiplicand) is $3$.
- The second integer (multiplier) is $4$.
- The operation is multiplication, denoted as $3 \times 4$.

### 2. Mathematical Definition
Multiplication of positive integers can be defined as repeated addition. Specifically, $a \times b$ means adding $a$ to itself $b$ times.
Therefore, $3 \times 4$ can be expressed as:
$$ 3 + 3 + 3 + 3 $$
Alternatively, due to the commutative property of multiplication ($a \times b = b \times a$), it can also be viewed as adding $4$ to itself $3$ times:
$$ 4 + 4 + 4 $$

### 3. Step-by-Step Calculation
Let's verify the result using the repeated addition of $3$ (four terms):
1.  Start with the first term: $3$
2.  Add the second term: $3 + 3 = 6$
3.  Add the third term: $6 + 3 = 9$
4.  Add the fourth term: $9 + 3 = 12$

Let's verify using the repeated addition of $4$ (three terms):
1.  Start with the first term: $4$
2.  Add the second term: $4 + 4 = 8$
3.  Add the third term: $8 + 4 = 12$

Both methods yield the same result.

### 4. Conclusion
The calculation confirms that $3 \times 4 = 12$. The final integer is $12$.

\boxed{12}

FTMf: The user wants me to act as a Consistency Checker for a proposed calculation.

**Task Analysis:**
- **Question:** Compute $3$ times $4$.
- **Expected Output:** The final integer in `\boxed{}`.
- **Reference Response:** An answer provided by "Agent fU4u" which uses algebraic decomposition (repeated addition) to arrive at the result.

**Evaluation of the Reference Response:**
1.  **Logic Check:** The agent correctly identifies the operation as multiplication ($3 \times 4$).
2.  **Methodology:** It uses the definition of multiplication as repeated addition.
    - Model A: $4 + 4 + 4$. Calculation: $4+4=8$, $8+4=12$. Correct.
    - Model B: $3 + 3 + 3 + 3$. Calculation: $3+3=6$, $6+3=9$, $9+3=12$. Correct.
3.  **Consistency:** Both decomposition methods yield the same result ($12$), confirming the internal consistency of the reasoning.
4.  **Final Answer:** The agent concludes that $3 \times 4 = 12$ and places it in the requested format `\boxed{12}`.

**Conclusion:**
The calculation is mathematically correct. The reasoning is sound, clearly explained, and consistent. There are no errors in the arithmetic or the logical steps presented. The final answer matches the standard mathematical fact that $3 \times 4 = 12$.

**Final Output Generation:**
Since the task is to check for consistency and identify errors, and none are found, I will confirm the validity of the response.

The proposed calculation is **correct**.
- The operation $3 \times 4$ is correctly interpreted.
- The decomposition into repeated addition ($4+4+4$ or $3+3+3+3$) is mathematically valid.
- The arithmetic steps ($4+4=8$, $8+4=12$) are accurate.
- The final result, $12$, is the correct product.
- The formatting `\boxed{12}` adheres to the instructions.

No errors were identified.

\boxed{12}

XAUn: To compute $3$ times $4$, we perform the multiplication operation:

$$ 3 \times 4 $$

Multiplication can be understood as repeated addition. We can add the number $3$ to itself $4$ times:
$$ 3 + 3 + 3 + 3 $$

Calculating the sum step-by-step:
1.  $3 + 3 = 6$
2.  $6 + 3 = 9$
3.  $9 + 3 = 12$

Alternatively, adding $4$ to itself $3$ times:
$$ 4 + 4 + 4 $$
1.  $4 + 4 = 8$
2.  $8 + 4 = 12$

Both methods yield the same result. The product of $3$ and $4$ is $12$.

\boxed{12}


################response:The task is to compute $3$ times $4$.

1.  **Identify the operation**: The problem asks for the product of $3$ and $4$, which is written as $3 \times 4$.
2.  **Perform the calculation**:
    *   Using repeated addition: $3 + 3 + 3 + 3 = 12$.
    *   Alternatively: $4 + 4 + 4 = 12$.
3.  **Verify with agents**:
    *   Agent fU4u correctly calculated $3 \times 4 = 12$.
    *   Agent NyBA correctly calculated $3 \times 4 = 12$.
    *   Agent FTMf verified the calculation is correct and the result is $12$.
    *   Agent XAUn correctly calculated $3 \times 4 = 12$.

All agents agree on the result. The mathematical fact is that $3 \times 4 = 12$.

\boxed{12}

FINAL ANSWER: 12
